GET_SUBJECT_NAME ["ENVIRONMENTAL EDUCATION AND DISASTER MANAGEMENT","MARKS (50)"] candidates [ 'ENVIRONMENTAL EDUCATION AND DISASTER MANAGEMENT' ] {
  generic: [ false, false ],
  component: [ false, true ],
  forbidden: [ false, true ],
  matchesSubject: [ false, false ]
}
GET_SUBJECT_NAME ["ROBOTICS","MARKS (50)"] candidates [ 'ROBOTICS' ] {
  generic: [ false, false ],
  component: [ false, true ],
  forbidden: [ false, true ],
  matchesSubject: [ false, false ]
}
GET_SUBJECT_NAME ["GENERAL KNOWLEDGE","MARKS (50)"] candidates [ 'GENERAL KNOWLEDGE' ] {
  generic: [ false, false ],
  component: [ false, true ],
  forbidden: [ false, true ],
  matchesSubject: [ false, false ]
}
GET_SUBJECT_NAME ["ARTIFICIAL INTELLIGENCE","MARKS (50)"] candidates [ 'ARTIFICIAL INTELLIGENCE' ] {
  generic: [ false, false ],
  component: [ false, true ],
  forbidden: [ false, true ],
  matchesSubject: [ false, false ]
}
groups: [
  'EVS@2',
  'ENVIRONMENTAL EDUCATION AND DISASTER MANAGEMENT@3',
  'ROBOTICS@4',
  'GENERAL KNOWLEDGE@5',
  'ARTIFICIAL INTELLIGENCE@6'
]
grades: []
